// Jest Snapshot v1, https://goo.gl/fbAQLP

exports[`Falsy testType<Falsy>() (type) should match snapshot 1`] = `"Falsy"`;

exports[`Primitive testType<Primitive>() (type) should match snapshot 1`] = `"Primitive"`;

exports[`isFalsy - test falsy values val (type) should match snapshot 1`] = `"Falsy"`;

exports[`isFalsy - test falsy values val (type) should match snapshot 2`] = `"unknown"`;

exports[`isFalsy - test truthy values val (type) should match snapshot 1`] = `"Falsy"`;

exports[`isFalsy - test truthy values val (type) should match snapshot 2`] = `"unknown"`;

exports[`isPrimitive param (type) should match snapshot 1`] = `"Primitive"`;

exports[`isPrimitive param (type) should match snapshot 2`] = `"Primitive[]"`;
