// Jest Snapshot v1, https://goo.gl/fbAQLP

exports[`Falsy testType<Falsy>() (type) should match snapshot 1`] = `"Falsy"`;

exports[`Primitive testType<Primitive>() (type) should match snapshot 1`] = `"Primitive"`;

exports[`isFalsy param (type) should match snapshot 1`] = `"false | 0 | null | undefined"`;

exports[`isFalsy param (type) should match snapshot 2`] = `"string"`;

exports[`isNullish param (type) should match snapshot 1`] = `"Nullish"`;

exports[`isNullish param (type) should match snapshot 2`] = `"string"`;

exports[`isPrimitive param (type) should match snapshot 1`] = `"Primitive"`;

exports[`isPrimitive param (type) should match snapshot 2`] = `"Primitive[]"`;
