// Jest Snapshot v1, https://goo.gl/fbAQLP

exports[`Assign testType<Assign<Props, NewProps>>() 1`] = `"Pick<Pick<Props, \\"name\\" | \\"visible\\"> & Pick<NewProps, \\"age\\"> & Pick<NewProps, \\"other\\">, \\"name\\" | \\"age\\" | \\"visible\\" | \\"other\\">"`;

exports[`DeepNonNullable testType<
      DeepNonNullable<NestedArrayProps>['first']['second'][number]['name']
    >() 1`] = `"string"`;

exports[`DeepNonNullable testType<DeepNonNullable<NestedArrayProps>['first']>() 1`] = `"_DeepNonNullableObject<{ second?: ({ name?: string | null | undefined; } | null | undefined)[] | undefined; }>"`;

exports[`DeepNonNullable testType<DeepNonNullable<NestedArrayProps>['first']['second']>() 1`] = `"_DeepNonNullableArray<{ name?: string | null | undefined; } | null | undefined>"`;

exports[`DeepNonNullable testType<DeepNonNullable<NestedProps>['first']>() 1`] = `"_DeepNonNullableObject<{ second?: { name?: string | null | undefined; } | null | undefined; }>"`;

exports[`DeepNonNullable testType<DeepNonNullable<NestedProps>['first']['second']>() 1`] = `"_DeepNonNullableObject<{ name?: string | null | undefined; }>"`;

exports[`DeepNonNullable testType<DeepNonNullable<NestedProps>['first']['second']['name']>() 1`] = `"string"`;

exports[`DeepReadonly testType<DeepReadonly<NestedArrayProps>['first']>() 1`] = `"_DeepReadonlyObject<{ second: { name: string; }[]; }>"`;

exports[`DeepReadonly testType<DeepReadonly<NestedArrayProps>['first']['second']>() 1`] = `"_DeepReadonlyArray<{ name: string; }>"`;

exports[`DeepReadonly testType<DeepReadonly<NestedArrayProps>['first']['second'][number]['name']>() 1`] = `"string"`;

exports[`DeepReadonly testType<DeepReadonly<NestedProps>['first']>() 1`] = `"_DeepReadonlyObject<{ second: { name: string; }; }>"`;

exports[`DeepReadonly testType<DeepReadonly<NestedProps>['first']['second']>() 1`] = `"_DeepReadonlyObject<{ name: string; }>"`;

exports[`DeepReadonly testType<DeepReadonly<NestedProps>['first']['second']['name']>() 1`] = `"string"`;

exports[`DeepRequired testType<DeepRequired<NestedArrayProps>['first']>() 1`] = `"_DeepRequiredObject<{ second?: ({ name?: string | null | undefined; } | undefined)[] | undefined; }>"`;

exports[`DeepRequired testType<DeepRequired<NestedArrayProps>['first']['second']>() 1`] = `"_DeepRequiredArray<{ name?: string | null | undefined; } | undefined>"`;

exports[`DeepRequired testType<DeepRequired<NestedArrayProps>['first']['second'][number]['name']>() 1`] = `"string | null"`;

exports[`DeepRequired testType<DeepRequired<NestedProps>['first']>() 1`] = `"_DeepRequiredObject<{ second?: { name?: string | null | undefined; } | undefined; }>"`;

exports[`DeepRequired testType<DeepRequired<NestedProps>['first']['second']>() 1`] = `"_DeepRequiredObject<{ name?: string | null | undefined; }>"`;

exports[`DeepRequired testType<DeepRequired<NestedProps>['first']['second']['name']>() 1`] = `"string | null"`;

exports[`Diff testType<Diff<Props, NewProps>>() 1`] = `"Pick<Props, \\"name\\" | \\"visible\\">"`;

exports[`FunctionKeys testType<FunctionKeys<MixedProps>>() 1`] = `"\\"setName\\""`;

exports[`Intersection testType<Intersection<Props | NewProps, DefaultProps>>() 1`] = `"Pick<Props, \\"age\\"> | Pick<NewProps, \\"age\\">"`;

exports[`Intersection testType<Intersection<Props, DefaultProps>>() 1`] = `"Pick<Props, \\"age\\">"`;

exports[`NonFunctionKeys testType<NonFunctionKeys<MixedProps>>() 1`] = `"\\"name\\""`;

exports[`NonUndefined testType<NonUndefined<'1' | '2' | undefined>>() 1`] = `"\\"1\\" | \\"2\\""`;

exports[`NonUndefined testType<NonUndefined<undefined>>() 1`] = `"never"`;

exports[`Omit testType<Omit<Props | NewProps, 'age'>>() 1`] = `"Pick<Props, \\"name\\" | \\"visible\\"> | Pick<NewProps, \\"other\\">"`;

exports[`Omit testType<Omit<Props, 'age'>>() 1`] = `"Pick<Props, \\"name\\" | \\"visible\\">"`;

exports[`Overwrite testType<Overwrite<Props, NewProps>>() 1`] = `"Pick<Pick<Props, \\"name\\" | \\"visible\\"> & Pick<NewProps, \\"age\\">, \\"name\\" | \\"age\\" | \\"visible\\">"`;

exports[`PromiseType testType<PromiseType<Promise<string>>>() 1`] = `"string"`;

exports[`SetComplement testType<SetComplement<'1' | '2' | '3', '2' | '3'>>() 1`] = `"\\"1\\""`;

exports[`SetDifference testType<SetDifference<'1' | '2' | '3', '2' | '3' | '4'>>() 1`] = `"\\"1\\""`;

exports[`SetDifference testType<SetDifference<string | number | (() => void), () => void>>() 1`] = `"string | number"`;

exports[`SetIntersection testType<SetIntersection<'1' | '2' | '3', '2' | '3' | '4'>>() 1`] = `"\\"2\\" | \\"3\\""`;

exports[`SetIntersection testType<SetIntersection<string | number | (() => void), () => void>>() 1`] = `"() => void"`;

exports[`Subtract testType<Subtract<Props, DefaultProps>>() 1`] = `"Pick<Props, \\"name\\" | \\"visible\\">"`;

exports[`SymmetricDifference testType<SymmetricDifference<'1' | '2' | '3', '2' | '3' | '4'>>() 1`] = `"\\"1\\" | \\"4\\""`;

exports[`Unionize testType<Unionize<Props>>() 1`] = `"{ name: string; } | { age: number; } | { visible: boolean; }"`;
