// Jest Snapshot v1, https://goo.gl/fbAQLP

exports[`isFalsey-Group-Falsey val 1`] = `"Falsey"`;

exports[`isFalsey-Group-Falsey val 2`] = `"unknown"`;

exports[`isFalsey-Group-Truthy val 1`] = `"Falsey"`;

exports[`isFalsey-Group-Truthy val 2`] = `"unknown"`;

exports[`isPrimitive param 1`] = `"Primitive"`;

exports[`isPrimitive param 2`] = `"Primitive[]"`;
